------------------------------------------------------------
TimeQuest Timing Analyzer Summary
------------------------------------------------------------

Type  : Slow Model Setup 'clk'
Slack : -4.241
TNS   : -299.262

Type  : Slow Model Setup 'control:controlunit|reg4:statereg|flipflop:ff0|q'
Slack : -1.985
TNS   : -27.725

Type  : Slow Model Hold 'clk'
Slack : -3.231
TNS   : -76.754

Type  : Slow Model Hold 'control:controlunit|reg4:statereg|flipflop:ff0|q'
Slack : -0.741
TNS   : -8.027

Type  : Slow Model Recovery 'clk'
Slack : -2.129
TNS   : -33.925

Type  : Slow Model Removal 'clk'
Slack : -0.971
TNS   : -13.451

Type  : Slow Model Minimum Pulse Width 'clk'
Slack : -1.627
TNS   : -335.716

Type  : Slow Model Minimum Pulse Width 'control:controlunit|reg4:statereg|flipflop:ff0|q'
Slack : -0.500
TNS   : -16.000

Type  : Fast Model Setup 'clk'
Slack : -1.913
TNS   : -118.882

Type  : Fast Model Setup 'control:controlunit|reg4:statereg|flipflop:ff0|q'
Slack : -0.994
TNS   : -14.239

Type  : Fast Model Hold 'clk'
Slack : -1.793
TNS   : -65.110

Type  : Fast Model Hold 'control:controlunit|reg4:statereg|flipflop:ff0|q'
Slack : -0.277
TNS   : -2.822

Type  : Fast Model Recovery 'clk'
Slack : -0.437
TNS   : -6.925

Type  : Fast Model Removal 'clk'
Slack : -0.778
TNS   : -11.443

Type  : Fast Model Minimum Pulse Width 'clk'
Slack : -1.627
TNS   : -335.716

Type  : Fast Model Minimum Pulse Width 'control:controlunit|reg4:statereg|flipflop:ff0|q'
Slack : -0.500
TNS   : -16.000

------------------------------------------------------------
