------------------------------------------------------------
TimeQuest Timing Analyzer Summary
------------------------------------------------------------

Type  : Slow Model Setup 'clk'
Slack : -4.023
TNS   : -276.677

Type  : Slow Model Setup 'control:controlunit|reg4:statereg|flipflop:ff0|q'
Slack : -2.341
TNS   : -33.914

Type  : Slow Model Hold 'clk'
Slack : -2.564
TNS   : -74.253

Type  : Slow Model Hold 'control:controlunit|reg4:statereg|flipflop:ff0|q'
Slack : -0.165
TNS   : -0.459

Type  : Slow Model Recovery 'clk'
Slack : -1.665
TNS   : -26.640

Type  : Slow Model Removal 'clk'
Slack : -1.055
TNS   : -16.880

Type  : Slow Model Minimum Pulse Width 'clk'
Slack : -1.627
TNS   : -341.716

Type  : Slow Model Minimum Pulse Width 'control:controlunit|reg4:statereg|flipflop:ff0|q'
Slack : -0.500
TNS   : -16.000

Type  : Fast Model Setup 'clk'
Slack : -1.825
TNS   : -106.755

Type  : Fast Model Setup 'control:controlunit|reg4:statereg|flipflop:ff0|q'
Slack : -1.193
TNS   : -17.407

Type  : Fast Model Hold 'clk'
Slack : -1.603
TNS   : -65.906

Type  : Fast Model Hold 'control:controlunit|reg4:statereg|flipflop:ff0|q'
Slack : -0.004
TNS   : -0.007

Type  : Fast Model Recovery 'clk'
Slack : -0.180
TNS   : -2.880

Type  : Fast Model Removal 'clk'
Slack : -0.834
TNS   : -13.344

Type  : Fast Model Minimum Pulse Width 'clk'
Slack : -1.627
TNS   : -341.716

Type  : Fast Model Minimum Pulse Width 'control:controlunit|reg4:statereg|flipflop:ff0|q'
Slack : -0.500
TNS   : -16.000

------------------------------------------------------------
